Repository Compilation: golden-repo (Part 1)
Generated: TIMESTAMP
============================================================


Table of Contents
------------------------------------------------------------

    1  README.md                                           21 words
    2  cdata-break.md                                      25 words
    3  deep/nested/path/doc.md                             27 words
    4  empty.md                                            0 words
    5  guide.rst                                           24 words
    6  it's-fine.md                                        16 words
    7  journal.org                                         24 words
    8  manual.adoc                                         29 words
    9  my notes.md                                         13 words
   10  no-newline.md                                       9 words
   11  notes.txt                                           22 words
   12  paper.tex                                           15 words

  Total: 12 files, 225 words



============================================================
File: README.md
============================================================

0001 | # Golden Repo
0002 | 
0003 | This is the readme for the golden test fixture repository.
0004 | It contains files that exercise every smoosh capability.


============================================================
File: cdata-break.md
============================================================

0001 | # CDATA Edge Case
0002 | 
0003 | This file contains the sequence ]]> which breaks CDATA sections.
0004 | The sequence ]]> must be escaped to ]]]]><\![CDATA[> in XML output.


============================================================
File: deep/nested/path/doc.md
============================================================

0001 | # Deeply Nested Document
0002 | 
0003 | This document lives at a deeply nested path to test path handling.
0004 | smoosh should include this file with its full relative path preserved.


============================================================
File: empty.md
============================================================




============================================================
File: guide.rst
============================================================

0001 | User Guide
0002 | ==========
0003 | 
0004 | This guide covers the basic usage of the golden fixture project.
0005 | See the readme for an overview of the project structure.


============================================================
File: it's-fine.md
============================================================

0001 | # It's Fine
0002 | 
0003 | This file's name contains an apostrophe.
0004 | It tests filename quoting in shell pipelines.


============================================================
File: journal.org
============================================================

0001 | #+TITLE: Project Journal
0002 | #+DATE: 2026-01-01
0003 | 
0004 | * Overview
0005 | 
0006 | This org file documents the golden fixture project history.
0007 | Each entry records a notable event during development.


============================================================
File: manual.adoc
============================================================

0001 | = Technical Manual
0002 | :doctype: article
0003 | 
0004 | This manual describes the technical details of the golden fixture project.
0005 | Refer to the guide for usage instructions and the readme for an overview.


============================================================
File: my notes.md
============================================================

0001 | # My Notes
0002 | 
0003 | This file name contains a space to test path handling.


============================================================
File: no-newline.md
============================================================

0001 | This file has no trailing newline at the end.


============================================================
File: notes.txt
============================================================

0001 | Release notes for golden fixture project.
0002 | 
0003 | Version one introduces the initial set of fixture files.
0004 | These files exercise smoosh output format correctness.


============================================================
File: paper.tex
============================================================

0001 | \documentclass{article}
0002 | \title{Golden Fixture Paper}
0003 | \begin{document}
0004 | \maketitle
0005 | This paper describes the golden fixture test repository.
0006 | \end{document}
