# Repository Compilation: golden-repo (Part 1)
Generated: TIMESTAMP



---
### File: README.md
---

0001 | # Golden Repo
0002 | 
0003 | This is the readme for the golden test fixture repository.
0004 | It contains files that exercise every smoosh capability.



---
### File: cdata-break.md
---

0001 | # CDATA Edge Case
0002 | 
0003 | This file contains the sequence ]]> which breaks CDATA sections.
0004 | The sequence ]]> must be escaped to ]]]]><\![CDATA[> in XML output.



---
### File: deep/nested/path/doc.md
---

0001 | # Deeply Nested Document
0002 | 
0003 | This document lives at a deeply nested path to test path handling.
0004 | smoosh should include this file with its full relative path preserved.



---
### File: empty.md
---




---
### File: guide.rst
---

0001 | User Guide
0002 | ==========
0003 | 
0004 | This guide covers the basic usage of the golden fixture project.
0005 | See the readme for an overview of the project structure.



---
### File: journal.org
---

0001 | #+TITLE: Project Journal
0002 | #+DATE: 2026-01-01
0003 | 
0004 | * Overview
0005 | 
0006 | This org file documents the golden fixture project history.
0007 | Each entry records a notable event during development.



---
### File: manual.adoc
---

0001 | = Technical Manual
0002 | :doctype: article
0003 | 
0004 | This manual describes the technical details of the golden fixture project.
0005 | Refer to the guide for usage instructions and the readme for an overview.



---
### File: no-newline.md
---

0001 | This file has no trailing newline at the end.


---
### File: notes.txt
---

0001 | Release notes for golden fixture project.
0002 | 
0003 | Version one introduces the initial set of fixture files.
0004 | These files exercise smoosh output format correctness.



---
### File: paper.tex
---

0001 | \documentclass{article}
0002 | \title{Golden Fixture Paper}
0003 | \begin{document}
0004 | \maketitle
0005 | This paper describes the golden fixture test repository.
0006 | \end{document}
