# Repository Compilation: golden-repo (Part 1)
Generated: TIMESTAMP



---
### File: README.md
---

# Golden Repo

This is the readme for the golden test fixture repository.
It contains files that exercise every smoosh capability.



---
### File: cdata-break.md
---

# CDATA Edge Case

This file contains the sequence ]]> which breaks CDATA sections.
The sequence ]]> must be escaped to ]]]]><\![CDATA[> in XML output.



---
### File: empty.md
---




---
### File: guide.rst
---

User Guide
==========

This guide covers the basic usage of the golden fixture project.
See the readme for an overview of the project structure.



---
### File: it's-fine.md
---

# It's Fine

This file's name contains an apostrophe.
It tests filename quoting in shell pipelines.



---
### File: journal.org
---

#+TITLE: Project Journal
#+DATE: 2026-01-01

* Overview

This org file documents the golden fixture project history.
Each entry records a notable event during development.



---
### File: manual.adoc
---

= Technical Manual
:doctype: article

This manual describes the technical details of the golden fixture project.
Refer to the guide for usage instructions and the readme for an overview.



---
### File: my notes.md
---

# My Notes

This file name contains a space to test path handling.



---
### File: no-newline.md
---

This file has no trailing newline at the end.


---
### File: paper.tex
---

\documentclass{article}
\title{Golden Fixture Paper}
\begin{document}
\maketitle
This paper describes the golden fixture test repository.
\end{document}
