# Repository Compilation: golden-repo (Part 1)
Generated: TIMESTAMP



---
### File: .env.example
---

DATABASE_URL=postgres://localhost:5432/mydb
SECRET_KEY=your-secret-key-here
DEBUG=false



---
### File: .github/ci.yml
---

name: CI
on: [push, pull_request]
jobs:
  test:
    runs-on: ubuntu-latest
    steps:
      - uses: actions/checkout@v4
      - run: echo "Golden fixture CI workflow"



---
### File: .gitignore
---

OUTPUT_DIR/



---
### File: Makefile
---

.PHONY: all clean

all:
	@echo "Golden fixture Makefile"

clean:
	@echo "Nothing to clean"



---
### File: README.md
---

# Golden Repo

This is the readme for the golden test fixture repository.
It contains files that exercise every smoosh capability.



---
### File: app.py
---

"""Golden fixture Python module."""


def greet(name):
    """Return a greeting string."""
    return "Hello, " + name


def add(a, b):
    """Return the sum of two numbers."""
    return a + b



---
### File: cdata-break.md
---

# CDATA Edge Case

This file contains the sequence ]]> which breaks CDATA sections.
The sequence ]]> must be escaped to ]]]]><\![CDATA[> in XML output.



---
### File: deep/nested/path/doc.md
---

# Deeply Nested Document

This document lives at a deeply nested path to test path handling.
smoosh should include this file with its full relative path preserved.



---
### File: empty.md
---




---
### File: guide.rst
---

User Guide
==========

This guide covers the basic usage of the golden fixture project.
See the readme for an overview of the project structure.



---
### File: index.js
---

// Golden fixture JavaScript module.

const VERSION = '1.0.0';

function greet(name) {
  return 'Hello, ' + name;
}

module.exports = { VERSION, greet };



---
### File: journal.org
---

#+TITLE: Project Journal
#+DATE: 2026-01-01

* Overview

This org file documents the golden fixture project history.
Each entry records a notable event during development.



---
### File: main.go
---

// Golden fixture Go program.
package main

import "fmt"

func greet(name string) string {
	return "Hello, " + name
}

func main() {
	fmt.Println(greet("world"))
}



---
### File: manual.adoc
---

= Technical Manual
:doctype: article

This manual describes the technical details of the golden fixture project.
Refer to the guide for usage instructions and the readme for an overview.



---
### File: no-newline.md
---

This file has no trailing newline at the end.


---
### File: notes.txt
---

Release notes for golden fixture project.

Version one introduces the initial set of fixture files.
These files exercise smoosh output format correctness.



---
### File: package.json
---

{
  "name": "golden-fixture",
  "version": "1.0.0",
  "description": "Golden test fixture package"
}



---
### File: paper.tex
---

\documentclass{article}
\title{Golden Fixture Paper}
\begin{document}
\maketitle
This paper describes the golden fixture test repository.
\end{document}



---
### File: src/lib.rs
---

// Golden fixture Rust library.

pub fn greet(name: &str) -> String {
    format!("Hello, {}!", name)
}

pub fn add(a: i32, b: i32) -> i32 {
    a + b
}
